   y_1  y_2  y_3
0  0.0  0.0  0.0
1  0.0  0.0  0.0
2  0.0  0.0  0.0
3  0.0  0.0  0.0
4  0.0  0.0  0.0
     eps_1  eps_2  eps_3
u_1   0.70   0.00    0.0
u_2   0.35   1.10    0.0
u_3   0.25   0.55    1.6
       u_1     u_2     u_3
u_1  0.490  0.2450  0.1750
u_2  0.245  1.3325  0.6925
u_3  0.175  0.6925  2.9250
          u_1       u_2       u_3
u_1  1.000000  0.303204  0.146176
u_2  0.303204  1.000000  0.350771
u_3  0.146176  0.350771  1.000000
u_1    0.700000
u_2    1.154340
u_3    1.710263
Name: desv_teorica, dtype: float64
  error     media  desviacion_estandar  varianza
0   u_1 -0.005219             0.711509  0.506245
1   u_2  0.009153             1.162479  1.351357
2   u_3 -0.049879             1.714495  2.939493
          u_1       u_2       u_3
u_1  0.506245  0.262892  0.193880
u_2  0.262892  1.351357  0.691163
u_3  0.193880  0.691163  2.939493
          u_1       u_2       u_3
u_1  1.000000  0.317842  0.158934
u_2  0.317842  1.000000  0.346784
u_3  0.158934  0.346784  1.000000
y_1    0.5
y_2    0.2
y_3   -0.1
Name: A_0, dtype: float64
     L1.y_1  L1.y_2  L1.y_3
y_1    0.35    0.08    0.04
y_2    0.25    0.30    0.06
y_3    0.15    0.20    0.25

ADF para y_1
Estadistico ADF: -15.385943
p-valor: 0.000000
Rezagos usados: 3
Valores criticos:
  1%: -2.566188
  5%: -1.941054
  10%: -1.616767

ADF para y_2
Estadistico ADF: -23.936536
p-valor: 0.000000
Rezagos usados: 3
Valores criticos:
  1%: -2.566188
  5%: -1.941054
  10%: -1.616767

ADF para y_3
Estadistico ADF: -50.088948
p-valor: 0.000000
Rezagos usados: 0
Valores criticos:
  1%: -2.566187
  5%: -1.941054
  10%: -1.616767

Seleccion de rezagos para un VAR con tendencia e intercepto
 VAR Order Selection (* highlights the minimums) 
=================================================
      AIC         BIC         FPE         HQIC   
-------------------------------------------------
0      0.8592      0.8671       2.361      0.8620
1     0.4630*     0.4826*      1.589*     0.4699*
2      0.4654      0.4967       1.593      0.4763
3      0.4674      0.5105       1.596      0.4825
4      0.4685      0.5233       1.598      0.4877
5      0.4674      0.5339       1.596      0.4907
6      0.4682      0.5465       1.597      0.4957
-------------------------------------------------

Seleccion de rezagos para un VAR con solo intercepto
 VAR Order Selection (* highlights the minimums) 
=================================================
      AIC         BIC         FPE         HQIC   
-------------------------------------------------
0      0.8601      0.8640       2.363      0.8615
1     0.4627*     0.4783*      1.588*     0.4682*
2      0.4651      0.4925       1.592      0.4747
3      0.4671      0.5063       1.595      0.4809
4      0.4682      0.5191       1.597      0.4860
5      0.4670      0.5297       1.595      0.4890
6      0.4679      0.5423       1.597      0.4940
-------------------------------------------------

Seleccion de rezagos para un VAR sin terminos deterministicos
        aic       bic       fpe      hqic
1  0.669134  0.680877  1.952545  0.673250
2  0.638853  0.662339  1.894307  0.647085
3  0.615376  0.650605  1.850352  0.627724
4  0.605577  0.652549  1.832310  0.622041
5  0.581103  0.639817  1.788009  0.601682
6  0.567305  0.637762  1.763508  0.592000
Rezagos seleccionados:
aic     6
bic     6
hqic    6
fpe     6
dtype: int64
  Summary of Regression Results   
==================================
Model:                         VAR
Method:                        OLS
Date:           Fri, 26, Jun, 2026
Time:                     17:05:44
--------------------------------------------------------------------
No. of Equations:         3.00000    BIC:                   0.483382
Nobs:                     4999.00    HQIC:                  0.470681
Log likelihood:          -22424.2    FPE:                    1.59015
AIC:                     0.463827    Det(Omega_mle):         1.58539
--------------------------------------------------------------------
Results for equation y_1
=========================================================================
            coefficient       std. error           t-stat            prob
-------------------------------------------------------------------------
const          0.491523         0.022973           21.395           0.000
trend         -0.000002         0.000007           -0.311           0.756
L1.y_1         0.366525         0.013952           26.270           0.000
L1.y_2         0.072124         0.009339            7.723           0.000
L1.y_3         0.034911         0.006068            5.753           0.000
=========================================================================

Results for equation y_2
=========================================================================
            coefficient       std. error           t-stat            prob
-------------------------------------------------------------------------
const          0.261854         0.037537            6.976           0.000
trend         -0.000017         0.000011           -1.520           0.128
L1.y_1         0.251963         0.022796           11.053           0.000
L1.y_2         0.283060         0.015259           18.550           0.000
L1.y_3         0.056230         0.009915            5.671           0.000
=========================================================================

Results for equation y_3
=========================================================================
            coefficient       std. error           t-stat            prob
-------------------------------------------------------------------------
const         -0.041769         0.055357           -0.755           0.451
trend         -0.000028         0.000017           -1.680           0.093
L1.y_1         0.095933         0.033619            2.854           0.004
L1.y_2         0.212590         0.022503            9.447           0.000
L1.y_3         0.253825         0.014622           17.359           0.000
=========================================================================

Correlation matrix of residuals
            y_1       y_2       y_3
y_1    1.000000  0.317952  0.159428
y_2    0.317952  1.000000  0.346684
y_3    0.159428  0.346684  1.000000



  Summary of Regression Results   
==================================
Model:                         VAR
Method:                        OLS
Date:           Fri, 26, Jun, 2026
Time:                     17:05:44
--------------------------------------------------------------------
No. of Equations:         3.00000    BIC:                   0.479048
Nobs:                     4999.00    HQIC:                  0.468887
Log likelihood:          -22426.1    FPE:                    1.58948
AIC:                     0.463404    Det(Omega_mle):         1.58567
--------------------------------------------------------------------
Results for equation y_1
=========================================================================
            coefficient       std. error           t-stat            prob
-------------------------------------------------------------------------
const          0.486058         0.014790           32.864           0.000
L1.y_1         0.366522         0.013951           26.272           0.000
L1.y_2         0.072180         0.009336            7.731           0.000
L1.y_3         0.034957         0.006066            5.763           0.000
=========================================================================

Results for equation y_2
=========================================================================
            coefficient       std. error           t-stat            prob
-------------------------------------------------------------------------
const          0.218194         0.024171            9.027           0.000
L1.y_1         0.251940         0.022799           11.050           0.000
L1.y_2         0.283509         0.015258           18.581           0.000
L1.y_3         0.056603         0.009913            5.710           0.000
=========================================================================

Results for equation y_3
=========================================================================
            coefficient       std. error           t-stat            prob
-------------------------------------------------------------------------
const         -0.112929         0.035648           -3.168           0.002
L1.y_1         0.095895         0.033625            2.852           0.004
L1.y_2         0.213321         0.022503            9.480           0.000
L1.y_3         0.254433         0.014620           17.403           0.000
=========================================================================

Correlation matrix of residuals
            y_1       y_2       y_3
y_1    1.000000  0.317970  0.159486
y_2    0.317970  1.000000  0.347017
y_3    0.159486  0.347017  1.000000



  Summary of Regression Results   
==================================
Model:                         VAR
Method:                        OLS
Date:           Fri, 26, Jun, 2026
Time:                     17:05:44
--------------------------------------------------------------------
No. of Equations:         3.00000    BIC:                   0.681815
Nobs:                     4999.00    HQIC:                  0.674194
Log likelihood:          -22945.7    FPE:                    1.95440
AIC:                     0.670082    Det(Omega_mle):         1.95088
--------------------------------------------------------------------
Results for equation y_1
=========================================================================
            coefficient       std. error           t-stat            prob
-------------------------------------------------------------------------
L1.y_1         0.664267         0.011698           56.784           0.000
L1.y_2         0.094658         0.010268            9.219           0.000
L1.y_3         0.004434         0.006610            0.671           0.502
=========================================================================

Results for equation y_2
=========================================================================
            coefficient       std. error           t-stat            prob
-------------------------------------------------------------------------
L1.y_1         0.385599         0.017476           22.064           0.000
L1.y_2         0.293599         0.015339           19.140           0.000
L1.y_3         0.042901         0.009875            4.345           0.000
=========================================================================

Results for equation y_3
=========================================================================
            coefficient       std. error           t-stat            prob
-------------------------------------------------------------------------
L1.y_1         0.026718         0.025593            1.044           0.296
L1.y_2         0.208099         0.022463            9.264           0.000
L1.y_3         0.261524         0.014461           18.085           0.000
=========================================================================

Correlation matrix of residuals
            y_1       y_2       y_3
y_1    1.000000  0.329728  0.140288
y_2    0.329728  1.000000  0.342260
y_3    0.140288  0.342260  1.000000



       raiz    modulo
0  6.155184  6.155184
1  4.524889  4.524889
2  1.919389  1.919389
Eigenvalues of VAR(1) rep
0.52099915252575
0.22099987242684996
0.16246467882658247
El proceso es estable: True
       L1.y_1    L1.y_2    L1.y_3
y_1  0.366522  0.072180  0.034957
y_2  0.251940  0.283509  0.056603
y_3  0.095895  0.213321  0.254433
     L1.y_1  L1.y_2  L1.y_3
y_1    0.35    0.08    0.04
y_2    0.25    0.30    0.06
y_3    0.15    0.20    0.25
       L1.y_1    L1.y_2    L1.y_3
y_1  0.366522  0.072180  0.034957
y_2  0.251940  0.283509  0.056603
y_3  0.095895  0.213321  0.254433
y_1    0.486058
y_2    0.218194
y_3   -0.112929
Name: constante_estimada, dtype: float64
       u_1     u_2     u_3
u_1  0.490  0.2450  0.1750
u_2  0.245  1.3325  0.6925
u_3  0.175  0.6925  2.9250
          y_1       y_2       y_3
y_1  0.506126  0.263008  0.194558
y_2  0.263008  1.351780  0.691830
y_3  0.194558  0.691830  2.940302
Portmanteau-test for residual autocorrelation. H_0: residual autocorrelation up to lag 75 is zero. Conclusion: fail to reject H_0 at 5% significance level.
=========================================
Test statistic Critical value p-value  df
-----------------------------------------
         646.7          727.1   0.697 666
-----------------------------------------
Portmanteau-test for residual autocorrelation. H_0: residual autocorrelation up to lag 30 is zero. Conclusion: fail to reject H_0 at 5% significance level.
=========================================
Test statistic Critical value p-value  df
-----------------------------------------
         261.5          299.7   0.479 261
-----------------------------------------
Portmanteau-test for residual autocorrelation. H_0: residual autocorrelation up to lag 20 is zero. Conclusion: fail to reject H_0 at 5% significance level.
=========================================
Test statistic Critical value p-value  df
-----------------------------------------
         182.4          202.5   0.261 171
-----------------------------------------
Portmanteau-test for residual autocorrelation. H_0: residual autocorrelation up to lag 10 is zero. Conclusion: reject H_0 at 5% significance level.
========================================
Test statistic Critical value p-value df
----------------------------------------
         104.2          103.0   0.042 81
----------------------------------------

Pruebas ARCH univariadas con 24 rezagos
y_1: LM p-value = 0.681982; F p-value = 0.682891
y_2: LM p-value = 0.356539; F p-value = 0.356814
y_3: LM p-value = 0.584443; F p-value = 0.585245

Pruebas ARCH univariadas con 12 rezagos
y_1: LM p-value = 0.826236; F p-value = 0.826696
y_2: LM p-value = 0.530705; F p-value = 0.531180
y_3: LM p-value = 0.200251; F p-value = 0.200265
normality (skew and kurtosis) test. H_0: data generated by normally-distributed process. Conclusion: fail to reject H_0 at 5% significance level.
========================================
Test statistic Critical value p-value df
----------------------------------------
         10.95          12.59   0.090  6
----------------------------------------
Jarque-Bera y_1 p-value: 0.591273
Jarque-Bera y_2 p-value: 0.305636
Jarque-Bera y_3 p-value: 0.056201
              y_1       y_2       y_3
tiempo                               
3150.00  0.452851  0.026913 -0.568345
3150.25  0.634113  0.307745 -0.208367
3150.50  0.733404  0.453407 -0.039488
3150.75  0.786214  0.529277  0.044075
3151.00  0.813967  0.568822  0.086585
3151.25  0.828480  0.589432  0.108498
3151.50  0.836053  0.600172  0.119862
3151.75  0.840001  0.605768  0.125770
3152.00  0.842058  0.608683  0.128846
3152.25  0.843130  0.610202  0.130448
3152.50  0.843689  0.610994  0.131282
3152.75  0.843980  0.611406  0.131717

Variable: y_1
         pronostico  inferior  superior
tiempo                                 
3150.00    0.452851 -0.941517  1.847218
3150.25    0.634113 -0.893084  2.161309
3150.50    0.733404 -0.826414  2.293221
3150.75    0.786214 -0.782360  2.354787
3151.00    0.813967 -0.756986  2.384921
3151.25    0.828480 -0.743121  2.400081
3151.50    0.836053 -0.735724  2.407829
3151.75    0.840001 -0.731824  2.411825
3152.00    0.842058 -0.729779  2.413896
3152.25    0.843130 -0.728710  2.414971
3152.50    0.843689 -0.728153  2.415531
3152.75    0.843980 -0.727862  2.415822

Variable: y_2
         pronostico  inferior  superior
tiempo                                 
3150.00    0.026913 -2.251860  2.305687
3150.25    0.307745 -2.145973  2.761464
3150.50    0.453407 -2.042230  2.949043
3150.75    0.529277 -1.977489  3.036043
3151.00    0.568822 -1.940950  3.078595
3151.25    0.589432 -1.921156  3.100019
3151.50    0.600172 -1.910637  3.110980
3151.75    0.605768 -1.905101  3.116636
3152.00    0.608683 -1.902202  3.119568
3152.25    0.610202 -1.900687  3.121092
3152.50    0.610994 -1.899897  3.121884
3152.75    0.611406 -1.899485  3.122297

Variable: y_3
         pronostico  inferior  superior
tiempo                                 
3150.00   -0.568345 -3.929156  2.792465
3150.25   -0.208367 -3.764591  3.347856
3150.50   -0.039488 -3.633151  3.554176
3150.75    0.044075 -3.558660  3.646810
3151.00    0.086585 -3.518523  3.691693
3151.25    0.108498 -3.497246  3.714242
3151.50    0.119862 -3.486054  3.725777
3151.75    0.125770 -3.480192  3.731732
3152.00    0.128846 -3.477129  3.734821
3152.25    0.130448 -3.475531  3.736426
3152.50    0.131282 -3.474697  3.737261
3152.75    0.131717 -3.474263  3.737696
[[[1.00000000e+00 0.00000000e+00 0.00000000e+00]
  [0.00000000e+00 1.00000000e+00 0.00000000e+00]
  [0.00000000e+00 0.00000000e+00 1.00000000e+00]]

 [[3.66522334e-01 7.21803998e-02 3.49574282e-02]
  [2.51939656e-01 2.83508511e-01 5.66034156e-02]
  [9.58945825e-02 2.13320957e-01 2.54432860e-01]]

 [[1.55875954e-01 5.43766383e-02 2.57926538e-02]
  [1.69196508e-01 1.10636875e-01 3.92564814e-02]
  [1.13290248e-01 1.21675877e-01 8.01630029e-02]]

 [[7.33050257e-02 3.21695420e-02 1.50894246e-02]
  [9.36525991e-02 5.19533976e-02 2.21652387e-02]
  [7.98655823e-02 5.97739307e-02 3.12437080e-02]]

 [[3.64197065e-02 1.76304155e-02 8.22270658e-03]
  [4.95404166e-02 2.62174224e-02 1.18541588e-02]
  [4.73280454e-02 2.93760854e-02 1.41247300e-02]]

 [[1.85789496e-02 9.38123746e-03 4.36320776e-03]
  [2.58996271e-02 1.35374500e-02 6.23188874e-03]
  [2.61022716e-02 1.47576284e-02 6.91104896e-03]]

 [[9.59151370e-03 4.93146033e-03 2.29062581e-03]
  [1.35010166e-02 7.03682018e-03 3.25724753e-03]
  [1.39478295e-02 7.54225723e-03 3.50619841e-03]]

 [[4.97759301e-03 2.57906876e-03 1.19724263e-03]
  [7.03363056e-03 3.66434635e-03 1.69901968e-03]
  [7.34861013e-03 3.89299962e-03 1.80658986e-03]]

 [[2.58897778e-03 1.34586954e-03 6.24605816e-04]
  [3.66410362e-03 1.90900015e-03 8.85578591e-04]
  [3.84747290e-03 2.01950762e-03 9.36901410e-04]]

 [[1.34789240e-03 7.01680431e-04 3.25605062e-04]
  [1.90885084e-03 9.94606726e-04 4.61463861e-04]
  [2.00882257e-03 1.05012044e-03 4.87187292e-04]]

 [[7.02037556e-04 3.65682170e-04 1.69680988e-04]
  [9.94469225e-04 5.18201001e-04 2.40438224e-04]
  [1.04756394e-03 5.46642956e-04 2.53620130e-04]]]
[[[1.00000000e+00 0.00000000e+00 0.00000000e+00]
  [0.00000000e+00 1.00000000e+00 0.00000000e+00]
  [0.00000000e+00 0.00000000e+00 1.00000000e+00]]

 [[3.66522334e-01 7.21803998e-02 3.49574282e-02]
  [2.51939656e-01 2.83508511e-01 5.66034156e-02]
  [9.58945825e-02 2.13320957e-01 2.54432860e-01]]

 [[1.55875954e-01 5.43766383e-02 2.57926538e-02]
  [1.69196508e-01 1.10636875e-01 3.92564814e-02]
  [1.13290248e-01 1.21675877e-01 8.01630029e-02]]

 [[7.33050257e-02 3.21695420e-02 1.50894246e-02]
  [9.36525991e-02 5.19533976e-02 2.21652387e-02]
  [7.98655823e-02 5.97739307e-02 3.12437080e-02]]

 [[3.64197065e-02 1.76304155e-02 8.22270658e-03]
  [4.95404166e-02 2.62174224e-02 1.18541588e-02]
  [4.73280454e-02 2.93760854e-02 1.41247300e-02]]

 [[1.85789496e-02 9.38123746e-03 4.36320776e-03]
  [2.58996271e-02 1.35374500e-02 6.23188874e-03]
  [2.61022716e-02 1.47576284e-02 6.91104896e-03]]

 [[9.59151370e-03 4.93146033e-03 2.29062581e-03]
  [1.35010166e-02 7.03682018e-03 3.25724753e-03]
  [1.39478295e-02 7.54225723e-03 3.50619841e-03]]

 [[4.97759301e-03 2.57906876e-03 1.19724263e-03]
  [7.03363056e-03 3.66434635e-03 1.69901968e-03]
  [7.34861013e-03 3.89299962e-03 1.80658986e-03]]

 [[2.58897778e-03 1.34586954e-03 6.24605816e-04]
  [3.66410362e-03 1.90900015e-03 8.85578591e-04]
  [3.84747290e-03 2.01950762e-03 9.36901410e-04]]

 [[1.34789240e-03 7.01680431e-04 3.25605062e-04]
  [1.90885084e-03 9.94606726e-04 4.61463861e-04]
  [2.00882257e-03 1.05012044e-03 4.87187292e-04]]

 [[7.02037556e-04 3.65682170e-04 1.69680988e-04]
  [9.94469225e-04 5.18201001e-04 2.40438224e-04]
  [1.04756394e-03 5.46642956e-04 2.53620130e-04]]

 [[3.65713771e-04 1.90543870e-04 8.84127063e-05]
  [5.18107286e-04 2.69986092e-04 1.25271418e-04]
  [5.45997414e-04 2.84694003e-04 1.32091295e-04]]

 [[1.90526121e-04 9.92784580e-05 4.60649444e-05]
  [2.69930945e-04 1.40663565e-04 6.52669984e-05]
  [2.84512795e-04 1.48301326e-04 6.88096842e-05]]

 [[9.92616376e-05 5.17251574e-05 2.40002386e-05]
  [1.40633201e-04 7.32858599e-05 3.40041989e-05]
  [1.48241754e-04 7.72594831e-05 3.58476419e-05]]

 [[5.17147183e-05 2.69490209e-05 1.25042015e-05]
  [7.32696419e-05 3.81819340e-05 1.77161906e-05]
  [7.72362360e-05 4.02509234e-05 1.86761192e-05]]

 [[2.69432114e-05 1.40404741e-05 6.51469992e-06]
  [3.81733901e-05 1.98927700e-05 9.23012716e-06]
  [4.02405479e-05 2.09704294e-05 9.73013833e-06]]

 [[1.40373654e-05 7.31508769e-06 3.39415790e-06]
  [1.98882969e-05 1.03641197e-05 4.80888992e-06]
  [2.09654098e-05 1.09255165e-05 5.06937091e-06]]

 [[7.31344994e-06 3.81115727e-06 1.76835444e-06]
  [1.03617842e-05 5.39969837e-06 2.50542790e-06]
  [1.09229870e-05 5.69217162e-06 2.64113290e-06]]

 [[3.81030000e-06 1.98561033e-06 9.21311398e-07]
  [5.39848044e-06 2.81323845e-06 1.30532588e-06]
  [5.69087278e-06 2.96561366e-06 1.37602688e-06]]]
[[[7.11425145e-01 0.00000000e+00 0.00000000e+00]
  [3.69691598e-01 1.10231962e+00 0.00000000e+00]
  [2.73476309e-01 5.35895783e-01 1.60571742e+00]]

 [[2.96997720e-01 9.82994092e-02 5.61317514e-02]
  [2.99526614e-01 3.42850525e-01 9.08890905e-02]
  [2.16666142e-01 3.71497373e-01 4.08547275e-01]]

 [[1.38050339e-01 7.37626096e-02 4.14157134e-02]
  [1.72007891e-01 1.42994581e-01 6.30348160e-02]
  [1.47502763e-01 1.77084722e-01 1.28719130e-01]]

 [[6.81704481e-02 4.35474763e-02 2.42293519e-02]
  [9.18952162e-02 6.91475074e-02 3.55911098e-02]
  [8.74607174e-02 8.26333479e-02 5.01685662e-02]]

 [[3.46764269e-02 2.38408667e-02 1.32033432e-02]
  [4.81784904e-02 3.52525728e-02 1.90344293e-02]
  [4.83932326e-02 3.99512185e-02 2.26803250e-02]]

 [[1.78789306e-02 1.26793467e-02 7.00607871e-03]
  [2.51346014e-02 1.82622396e-02 1.00066523e-02]
  [2.59155917e-02 1.99712253e-02 1.10971917e-02]]

 [[9.27319537e-03 6.66358219e-03 3.67809776e-03]
  [1.30971960e-02 9.50237016e-03 5.23021910e-03]
  [1.36700079e-02 1.01929351e-02 5.62996386e-03]]

 [[4.82206237e-03 3.48455537e-03 1.92243334e-03]
  [6.82322133e-03 4.94977835e-03 2.72814550e-03]
  [7.16125480e-03 5.25947375e-03 2.90087280e-03]]

 [[2.51023545e-03 1.81830202e-03 1.00294044e-03]
  [3.55466153e-03 2.57890615e-03 1.42198897e-03]
  [3.74000430e-03 2.72822439e-03 1.50439891e-03]]

 [[1.30737518e-03 9.47966485e-04 5.22829720e-04]
  [1.85190167e-03 1.34367104e-03 7.40980561e-04]
  [1.95058177e-03 1.41864997e-03 7.82285121e-04]]

 [[6.81040526e-04 4.94029956e-04 2.72459718e-04]
  [9.64819127e-04 7.00072961e-04 3.86075845e-04]
  [1.01671173e-03 7.38489214e-04 4.07242261e-04]]]
[[[7.11425145e-01 0.00000000e+00 0.00000000e+00]
  [3.69691598e-01 1.10231962e+00 0.00000000e+00]
  [2.73476309e-01 5.35895783e-01 1.60571742e+00]]

 [[2.96997720e-01 9.82994092e-02 5.61317514e-02]
  [2.99526614e-01 3.42850525e-01 9.08890905e-02]
  [2.16666142e-01 3.71497373e-01 4.08547275e-01]]

 [[1.38050339e-01 7.37626096e-02 4.14157134e-02]
  [1.72007891e-01 1.42994581e-01 6.30348160e-02]
  [1.47502763e-01 1.77084722e-01 1.28719130e-01]]

 [[6.81704481e-02 4.35474763e-02 2.42293519e-02]
  [9.18952162e-02 6.91475074e-02 3.55911098e-02]
  [8.74607174e-02 8.26333479e-02 5.01685662e-02]]

 [[3.46764269e-02 2.38408667e-02 1.32033432e-02]
  [4.81784904e-02 3.52525728e-02 1.90344293e-02]
  [4.83932326e-02 3.99512185e-02 2.26803250e-02]]

 [[1.78789306e-02 1.26793467e-02 7.00607871e-03]
  [2.51346014e-02 1.82622396e-02 1.00066523e-02]
  [2.59155917e-02 1.99712253e-02 1.10971917e-02]]

 [[9.27319537e-03 6.66358219e-03 3.67809776e-03]
  [1.30971960e-02 9.50237016e-03 5.23021910e-03]
  [1.36700079e-02 1.01929351e-02 5.62996386e-03]]

 [[4.82206237e-03 3.48455537e-03 1.92243334e-03]
  [6.82322133e-03 4.94977835e-03 2.72814550e-03]
  [7.16125480e-03 5.25947375e-03 2.90087280e-03]]

 [[2.51023545e-03 1.81830202e-03 1.00294044e-03]
  [3.55466153e-03 2.57890615e-03 1.42198897e-03]
  [3.74000430e-03 2.72822439e-03 1.50439891e-03]]

 [[1.30737518e-03 9.47966485e-04 5.22829720e-04]
  [1.85190167e-03 1.34367104e-03 7.40980561e-04]
  [1.95058177e-03 1.41864997e-03 7.82285121e-04]]

 [[6.81040526e-04 4.94029956e-04 2.72459718e-04]
  [9.64819127e-04 7.00072961e-04 3.86075845e-04]
  [1.01671173e-03 7.38489214e-04 4.07242261e-04]]

 [[3.54799221e-04 2.57420242e-04 1.41965823e-04]
  [5.02664906e-04 3.64743391e-04 2.01150498e-04]
  [5.29809110e-04 3.84610953e-04 2.12101293e-04]]

 [[1.84845156e-04 1.34122602e-04 7.39672837e-05]
  [2.61886778e-04 1.90032516e-04 1.04800356e-04]
  [2.76053129e-04 2.00350281e-04 1.10488909e-04]]

 [[9.63030777e-05 6.98792825e-05 3.85376011e-05]
  [1.36442505e-04 9.90071480e-05 5.46011345e-05]
  [1.43828574e-04 1.04375244e-04 5.75611831e-05]]

 [[5.01735804e-05 3.64073833e-05 2.00782141e-05]
  [7.10863643e-05 5.15827267e-05 2.84471958e-05]
  [7.49357047e-05 5.43778360e-05 2.99885699e-05]]

 [[2.61403395e-05 1.89682902e-05 1.04607671e-05]
  [3.70359207e-05 2.68745769e-05 1.48209760e-05]
  [3.90416915e-05 2.83304558e-05 1.56238526e-05]]

 [[1.36190829e-05 9.88247958e-06 5.45005846e-06]
  [1.92956799e-05 1.40016363e-05 7.72171832e-06]
  [2.03407442e-05 1.47600656e-05 8.13997718e-06]]

 [[7.09552805e-06 5.14876712e-06 2.83947753e-06]
  [1.00530321e-05 7.29484170e-06 4.02300922e-06]
  [1.05975229e-05 7.68996443e-06 4.24091310e-06]]

 [[3.69676352e-06 2.68250411e-06 1.47936576e-06]
  [5.23762106e-06 3.80060657e-06 2.09598451e-06]
  [5.52130320e-06 4.00646113e-06 2.20951034e-06]]]
VALIDACION_IRF_OK
FEVD for y_1
           y_1       y_2       y_3
0     1.000000  0.000000  0.000000
1     0.978895  0.015915  0.005189
2     0.968470  0.023847  0.007683
3     0.964944  0.026542  0.008514
4     0.963894  0.027347  0.008759
5     0.963597  0.027574  0.008829
6     0.963515  0.027637  0.008848
7     0.963493  0.027654  0.008853
8     0.963487  0.027659  0.008854
9     0.963485  0.027660  0.008855
10    0.963485  0.027660  0.008855
11    0.963485  0.027661  0.008855
12    0.963485  0.027661  0.008855
13    0.963485  0.027661  0.008855
14    0.963485  0.027661  0.008855
15    0.963485  0.027661  0.008855
16    0.963485  0.027661  0.008855
17    0.963485  0.027661  0.008855

FEVD for y_2
           y_1       y_2       y_3
0     0.101105  0.898895  0.000000
1     0.144444  0.850285  0.005271
2     0.157881  0.834573  0.007546
3     0.161645  0.830102  0.008253
4     0.162673  0.828872  0.008455
5     0.162953  0.828537  0.008510
6     0.163029  0.828446  0.008525
7     0.163049  0.828421  0.008529
8     0.163055  0.828415  0.008531
9     0.163056  0.828413  0.008531
10    0.163057  0.828412  0.008531
11    0.163057  0.828412  0.008531
12    0.163057  0.828412  0.008531
13    0.163057  0.828412  0.008531
14    0.163057  0.828412  0.008531
15    0.163057  0.828412  0.008531
16    0.163057  0.828412  0.008531
17    0.163057  0.828412  0.008531

FEVD for y_3
           y_1       y_2       y_3
0     0.025436  0.097672  0.876892
1     0.036977  0.129153  0.833870
2     0.042682  0.135804  0.821514
3     0.044731  0.137142  0.818127
4     0.045365  0.137433  0.817202
5     0.045547  0.137503  0.816950
6     0.045598  0.137520  0.816882
7     0.045612  0.137525  0.816863
8     0.045616  0.137526  0.816858
9     0.045617  0.137526  0.816857
10    0.045617  0.137527  0.816856
11    0.045617  0.137527  0.816856
12    0.045617  0.137527  0.816856
13    0.045617  0.137527  0.816856
14    0.045617  0.137527  0.816856
15    0.045617  0.137527  0.816856
16    0.045617  0.137527  0.816856
17    0.045617  0.137527  0.816856


