── Attaching core tidyverse packages ──────────────────────── tidyverse 2.0.0 ──
✔ dplyr     1.1.4     ✔ readr     2.1.6
✔ forcats   1.0.1     ✔ stringr   1.6.0
✔ ggplot2   4.0.1     ✔ tibble    3.3.0
✔ lubridate 1.9.4     ✔ tidyr     1.3.1
✔ purrr     1.2.0     
── Conflicts ────────────────────────────────────────── tidyverse_conflicts() ──
✖ dplyr::filter() masks stats::filter()
✖ dplyr::lag()    masks stats::lag()
ℹ Use the conflicted package (<http://conflicted.r-lib.org/>) to force all conflicts to become errors
Loading required package: MASS

Attaching package: 'MASS'

The following object is masked from 'package:dplyr':

    select

Loading required package: strucchange
Loading required package: zoo

Attaching package: 'zoo'

The following objects are masked from 'package:base':

    as.Date, as.Date.numeric

Loading required package: sandwich

Attaching package: 'strucchange'

The following object is masked from 'package:stringr':

    boundary

Loading required package: urca
Loading required package: lmtest

Attaching package: 'gridExtra'

The following object is masked from 'package:dplyr':

    combine

There were 18 warnings (use warnings() to see them)

WARNINGS_START
Warning messages:
1: package 'tidyverse' was built under R version 4.5.2
2: package 'ggplot2' was built under R version 4.5.2
3: package 'tibble' was built under R version 4.5.2
4: package 'tidyr' was built under R version 4.5.2
5: package 'readr' was built under R version 4.5.2
6: package 'purrr' was built under R version 4.5.2
7: package 'dplyr' was built under R version 4.5.2
8: package 'stringr' was built under R version 4.5.2
9: package 'forcats' was built under R version 4.5.2
10: package 'lubridate' was built under R version 4.5.2
11: package 'vars' was built under R version 4.5.2
12: package 'strucchange' was built under R version 4.5.2
13: package 'zoo' was built under R version 4.5.2
14: package 'sandwich' was built under R version 4.5.2
15: package 'urca' was built under R version 4.5.2
16: package 'lmtest' was built under R version 4.5.2
17: package 'gridExtra' was built under R version 4.5.2
18: package 'readxl' was built under R version 4.5.2

SCRIPT_OK
